]0;/home/nick/Documents/SCHOOL/stackoverflow]0;nick@nick-B450-AORUS-PRO-WIFI: ~/Documents/SCHOOL/stackoverflow[01;32mnick@nick-B450-AORUS-PRO-WIFI[00m:[01;34m~/Documents/SCHOOL/stackoverflow[00m$ [K]0;nick@nick-B450-AORUS-PRO-WIFI: ~/Documents/SCHOOL/stackoverflow[01;32mnick@nick-B450-AORUS-PRO-WIFI[00m:[01;34m~/Documents/SCHOOL/stackoverflow[00m$ git add .
fatal: Not a git repository (or any of the parent directories): .git
]0;/home/nick/Documents/SCHOOL/stackoverflow]0;nick@nick-B450-AORUS-PRO-WIFI: ~/Documents/SCHOOL/stackoverflow[01;32mnick@nick-B450-AORUS-PRO-WIFI[00m:[01;34m~/Documents/SCHOOL/stackoverflow[00m$ git init
Initialized empty Git repository in /home/nick/Documents/SCHOOL/stackoverflow/.git/
]0;/home/nick/Documents/stackoverflow]0;nick@nick-B450-AORUS-PRO-WIFI: ~/Documents/stackoverflow[01;32mnick@nick-B450-AORUS-PRO-WIFI[00m:[01;34m~/Documents/stackoverflow[00m$ [K]0;nick@nick-B450-AORUS-PRO-WIFI: ~/Documents/stackoverflow[01;32mnick@nick-B450-AORUS-PRO-WIFI[00m:[01;34m~/Documents/stackoverflow[00m$ git status
On branch master

Initial commit

Untracked files:
  (use "git add <file>..." to include in what will be committed)

	[31m.Rproj.user/[m
	[31meda.r[m
	[31mscraping-starter.R[m
	[31mstackoverflow.Rproj[m

nothing added to commit but untracked files present (use "git add" to track)
]0;/home/nick/Documents/stackoverflow]0;nick@nick-B450-AORUS-PRO-WIFI: ~/Documents/stackoverflow[01;32mnick@nick-B450-AORUS-PRO-WIFI[00m:[01;34m~/Documents/stackoverflow[00m$ git add .